Microsoft (R) Macro Assembler Version 14.00.24210.0	    11/26/18 22:19:39
AddTwo.asm						     Page 1 - 1


				.386
				.MODEL flat, stdcall
				 includelib masm32.lib
				 GetStdHandle PROTO, nStdHandle: DWORD 
				 WriteConsoleA PROTO, handle: DWORD, lpBuffer:PTR BYTE, nNumberOfBytesToWrite:DWORD, lpNumberOfBytesWritten:PTR DWORD, lpReserved:DWORD
				 ReadConsoleA PROTO :DWORD,:DWORD,:DWORD,:DWORD,:DWORD
				 ExitProcess PROTO, dwExitCode: DWORD 
				 fillRegister PROTO
				 GetCurrentDirectoryA PROTO :DWORD, :DWORD
				 ScanInt PROTO
				 atoi PROTO :DWORD
				 lstrcatA PROTO :DWORD, :DWORD
				 CreateFileA PROTO :DWORD, :DWORD, :DWORD, :DWORD, :DWORD, :DWORD, :DWORD
				 CreateDirectoryA PROTO :DWORD,:DWORD

 =-0000000B			 STD_OUTPUT_HANDLE equ -11
 =-0000000A			 STD_INPUT_HANDLE equ -10
 = 80000000				GENERIC_READ equ 80000000h
 = 40000000				GENERIC_WRITE equ 40000000h
 = 00000001				CREATE_NEW equ 1
 = 00000002				CREATE_ALWAYS equ 2
 = 00000003				OPEN_EXISTING equ 3
 = 00000004				OPEN_ALWAYS equ 4

 00000000			 .data
				 
 00000000 00000000		 outputHandle DD ?
 00000004 00000000		 inputHandle DD ?

 00000008 00000000		 zmienna1 DD ?
 0000000C 00000000		 zmienna2 DD ?
 00000010 00000006		 zmienna3 DD 6d
 00000014 00000000		 zmienna4 DD ?

 00000018 00000010		 iloscLiter dd 16d
 0000001C 00000000		 zmiennaZnakow dd ?
				 
 00000020  0000001E [		 bufferSciezki DD 30 dup(?)
	    00000000
	   ]
 00000098 5C 47 72 75 70	 nazwaFolderu BYTE "\Grupa5",0
	   61 35 00
 000000A0 5C 5A 61 62 6C	 twojeNazwisko BYTE "\Zablocki.dat", 0
	   6F 63 6B 69 2E
	   64 61 74 00
 00000000			 .code
 00000000			 main PROC
					
					INVOKE GetCurrentDirectoryA,0,0
 00000000  6A 00	   *	    push   +000000000h
 00000002  6A 00	   *	    push   +000000000h
 00000004  E8 00000000 E   *	    call   GetCurrentDirectoryA
					INVOKE GetCurrentDirectoryA,EAX,offset bufferSciezki
 00000009  68 00000020 R   *	    push   dword  ptr OFFSET FLAT: bufferSciezki
 0000000E  50		   *	    push   eax
 0000000F  E8 00000000 E   *	    call   GetCurrentDirectoryA
					
					INVOKE lstrcatA,offset bufferSciezki,offset nazwaFolderu
 00000014  68 00000098 R   *	    push   dword  ptr OFFSET FLAT: nazwaFolderu
 00000019  68 00000020 R   *	    push   dword  ptr OFFSET FLAT: bufferSciezki
 0000001E  E8 00000000 E   *	    call   lstrcatA
					INVOKE CreateDirectoryA,offset bufferSciezki,0
 00000023  6A 00	   *	    push   +000000000h
 00000025  68 00000020 R   *	    push   dword  ptr OFFSET FLAT: bufferSciezki
 0000002A  E8 00000000 E   *	    call   CreateDirectoryA

					INVOKE GetCurrentDirectoryA,0,0
 0000002F  6A 00	   *	    push   +000000000h
 00000031  6A 00	   *	    push   +000000000h
 00000033  E8 00000000 E   *	    call   GetCurrentDirectoryA
					INVOKE GetCurrentDirectoryA,EAX,offset bufferSciezki
 00000038  68 00000020 R   *	    push   dword  ptr OFFSET FLAT: bufferSciezki
 0000003D  50		   *	    push   eax
 0000003E  E8 00000000 E   *	    call   GetCurrentDirectoryA

					INVOKE lstrcatA,offset bufferSciezki,offset twojeNazwisko
 00000043  68 000000A0 R   *	    push   dword  ptr OFFSET FLAT: twojeNazwisko
 00000048  68 00000020 R   *	    push   dword  ptr OFFSET FLAT: bufferSciezki
 0000004D  E8 00000000 E   *	    call   lstrcatA
					;
					INVOKE CreateFileA, offset bufferSciezki,GENERIC_READ OR GENERIC_WRITE,0,0,CREATE_ALWAYS,0,0
 00000052  6A 00	   *	    push   +000000000h
 00000054  6A 00	   *	    push   +000000000h
 00000056  6A 02	   *	    push   +000000002h
 00000058  6A 00	   *	    push   +000000000h
 0000005A  6A 00	   *	    push   +000000000h
 0000005C  68 C0000000	   *	    push   +0C0000000h
 00000061  68 00000020 R   *	    push   dword  ptr OFFSET FLAT: bufferSciezki
 00000066  E8 00000000 E   *	    call   CreateFileA

					

 0000006B  6A 00			push 0
 0000006D  E8 00000000 E		call ExitProcess
 00000072			main ENDP
				 
				END main


Microsoft (R) Macro Assembler Version 14.00.24210.0	    11/26/18 22:19:39
AddTwo.asm						     Symbols 2 - 1




Segments and Groups:

                N a m e                 Size     Length   Align   Combine Class

FLAT . . . . . . . . . . . . . .	GROUP
_DATA  . . . . . . . . . . . . .	32 Bit	 000000AE DWord	  Public  'DATA'	
_TEXT  . . . . . . . . . . . . .	32 Bit	 00000072 DWord	  Public  'CODE'	


Procedures, parameters, and locals:

                N a m e                 Type     Value    Attr

CreateDirectoryA . . . . . . . .	P Near	 00000000 FLAT	Length= 00000000 External STDCALL
CreateFileA  . . . . . . . . . .	P Near	 00000000 FLAT	Length= 00000000 External STDCALL
ExitProcess  . . . . . . . . . .	P Near	 00000000 FLAT	Length= 00000000 External STDCALL
GetCurrentDirectoryA . . . . . .	P Near	 00000000 FLAT	Length= 00000000 External STDCALL
GetStdHandle . . . . . . . . . .	P Near	 00000000 FLAT	Length= 00000000 External STDCALL
ReadConsoleA . . . . . . . . . .	P Near	 00000000 FLAT	Length= 00000000 External STDCALL
ScanInt  . . . . . . . . . . . .	P Near	 00000000 FLAT	Length= 00000000 External STDCALL
WriteConsoleA  . . . . . . . . .	P Near	 00000000 FLAT	Length= 00000000 External STDCALL
atoi . . . . . . . . . . . . . .	P Near	 00000000 FLAT	Length= 00000000 External STDCALL
fillRegister . . . . . . . . . .	P Near	 00000000 FLAT	Length= 00000000 External STDCALL
lstrcatA . . . . . . . . . . . .	P Near	 00000000 FLAT	Length= 00000000 External STDCALL
main . . . . . . . . . . . . . .	P Near	 00000000 _TEXT	Length= 00000072 Public STDCALL


Symbols:

                N a m e                 Type     Value    Attr

@CodeSize  . . . . . . . . . . .	Number	 00000000h   
@DataSize  . . . . . . . . . . .	Number	 00000000h   
@Interface . . . . . . . . . . .	Number	 00000003h   
@Model . . . . . . . . . . . . .	Number	 00000007h   
@code  . . . . . . . . . . . . .	Text   	 _TEXT
@data  . . . . . . . . . . . . .	Text   	 FLAT
@fardata?  . . . . . . . . . . .	Text   	 FLAT
@fardata . . . . . . . . . . . .	Text   	 FLAT
@stack . . . . . . . . . . . . .	Text   	 FLAT
CREATE_ALWAYS  . . . . . . . . .	Number	 00000002h   
CREATE_NEW . . . . . . . . . . .	Number	 00000001h   
GENERIC_READ . . . . . . . . . .	Number	 -80000000h   
GENERIC_WRITE  . . . . . . . . .	Number	 40000000h   
OPEN_ALWAYS  . . . . . . . . . .	Number	 00000004h   
OPEN_EXISTING  . . . . . . . . .	Number	 00000003h   
STD_INPUT_HANDLE . . . . . . . .	Number	 -0000000Ah   
STD_OUTPUT_HANDLE  . . . . . . .	Number	 -0000000Bh   
bufferSciezki  . . . . . . . . .	DWord	 00000020 _DATA	
iloscLiter . . . . . . . . . . .	DWord	 00000018 _DATA	
inputHandle  . . . . . . . . . .	DWord	 00000004 _DATA	
nazwaFolderu . . . . . . . . . .	Byte	 00000098 _DATA	
outputHandle . . . . . . . . . .	DWord	 00000000 _DATA	
twojeNazwisko  . . . . . . . . .	Byte	 000000A0 _DATA	
zmienna1 . . . . . . . . . . . .	DWord	 00000008 _DATA	
zmienna2 . . . . . . . . . . . .	DWord	 0000000C _DATA	
zmienna3 . . . . . . . . . . . .	DWord	 00000010 _DATA	
zmienna4 . . . . . . . . . . . .	DWord	 00000014 _DATA	
zmiennaZnakow  . . . . . . . . .	DWord	 0000001C _DATA	

	   0 Warnings
	   0 Errors
